../Core/Src/main.c:89:6:Adc_select_0	24	static
../Core/Src/main.c:99:6:Adc_select_1	24	static
../Core/Src/main.c:109:6:Adc_select_4	24	static
../Core/Src/main.c:119:6:Adc_select_6_poten	24	static
../Core/Src/main.c:129:7:resist_to_percent	32	static
../Core/Src/main.c:138:5:main	296	static
../Core/Src/main.c:312:6:SystemClock_Config	88	static
../Core/Src/main.c:359:13:MX_ADC1_Init	24	static
../Core/Src/main.c:411:13:MX_I2C1_Init	8	static
../Core/Src/main.c:445:13:MX_USART1_UART_Init	8	static
../Core/Src/main.c:478:13:MX_USART2_UART_Init	8	static
../Core/Src/main.c:511:13:MX_GPIO_Init	48	static
../Core/Src/main.c:537:6:Error_Handler	4	static,ignoring_inline_asm
